bitmaps\001_msgnumber.bmp
bitmaps\002_msgnumber_press.bmp
bitmaps\003_on.bmp
bitmaps\004_off.bmp
bitmaps\005_greeterbanner.bmp
bitmaps\006_satsun.bmp
bitmaps\007_satsun_press.bmp
bitmaps\008_fri.bmp
bitmaps\009_fri_press.bmp
bitmaps\010_monthr.bmp
bitmaps\011_monthr_press.bmp
bitmaps\012_question.bmp
bitmaps\013_messagebar.bmp
bitmaps\014_messagebar_press.bmp
bitmaps\015_thumbsdown.bmp
bitmaps\016_timebar.bmp
bitmaps\017_home.bmp
bitmaps\018_timebar_press.bmp
bitmaps\019_scroll_l.bmp
bitmaps\020_scroll_r.bmp
bitmaps\021_carpresent.bmp
bitmaps\022_WTlogo.bmp
bitmaps\023_arrowup.bmp
bitmaps\024_arrowdown.bmp
bitmaps\025_greeterbanner_press.bmp
bitmaps\026_yellownumberbx.bmp
bitmaps\027_WTmaininfo.bmp
bitmaps\028_greennumberbx_press.bmp
bitmaps\029_dot.bmp
bitmaps\030_lrgnumberbx.bmp
bitmaps\031_HELPgreeter.bmp
bitmaps\032_PWgraynumberbx.bmp
bitmaps\033_PWblacknumberbx.bmp
bitmaps\034_PWenterbx.bmp
bitmaps\035_HELPlanes.bmp
bitmaps\036_HELPnightvol.bmp
bitmaps\037_HELPvolume.bmp
bitmaps\038_Headsetbxred.bmp
bitmaps\039_Headsetbxgreen.bmp
bitmaps\040_Headsetbxgray.bmp
bitmaps\041_Headsetregister.bmp
bitmaps\042_Headsetdelete.bmp
bitmaps\043_record.bmp
bitmaps\044_HELPclock.bmp
bitmaps\045_HELPnewpin.bmp
bitmaps\046_HELPsettings.bmp
bitmaps\047_Headsetregister_press.bmp
bitmaps\048_HELPregistration.bmp
bitmaps\049_record_press.bmp
bitmaps\050_background.bmp
bitmaps\051_headsettext.bmp
bitmaps\052_toolstext.bmp
bitmaps\053_locktext.bmp
bitmaps\054_suntext.bmp
bitmaps\055_moontext.bmp
bitmaps\056_speedteamtext.bmp
bitmaps\057_handtext.bmp
bitmaps\058_autohandstext.bmp
bitmaps\059_unlocktext.bmp
bitmaps\060_carpresent2.bmp
bitmaps\061_stop.bmp
bitmaps\062_sunstatus.bmp
bitmaps\063_moonstatus.bmp
bitmaps\064_HELPpin.bmp
bitmaps\065_setvolume.bmp
bitmaps\066_setclock.bmp
bitmaps\067_setPIN.bmp
bitmaps\068_setlane.bmp
bitmaps\069_setnightvol.bmp
bitmaps\070_Greetvol.bmp
bitmaps\071_Greetvol_press.bmp
bitmaps\072_grillspeaker.bmp
bitmaps\073_grillspeaker_press.bmp
bitmaps\074_dayvolume.bmp
bitmaps\075_dayvolume_press.bmp
bitmaps\076_nightvolume.bmp
bitmaps\077_nightvolume_press.bmp
bitmaps\078_setvolbanner.bmp
bitmaps\079_setclockbanner.bmp
bitmaps\080_arrowleftsmall.bmp
bitmaps\081_PINrequiredbanner.bmp
bitmaps\082_HELPhome.bmp
bitmaps\083_arrowleftsmall_press.bmp
bitmaps\084_changePINbanner.bmp
bitmaps\085_reenterPINbx.bmp
bitmaps\086_toolsback.bmp
bitmaps\087_setnightvoltimebanner.bmp
bitmaps\088_beginnightvol.bmp
bitmaps\089_endnightvol.bmp
bitmaps\090_endnightvol_press.bmp
bitmaps\091_beginnightvol_press.bmp
bitmaps\092_carpresent2_blank.bmp
bitmaps\093_carpresent_blank.bmp
bitmaps\094_setvolmenuAbanner.bmp
bitmaps\095_setvolmenuBbanner.bmp
bitmaps\096_setvolumedual.bmp
bitmaps\097_play.bmp
bitmaps\098_play_press.bmp
bitmaps\099_inboundvol.bmp
bitmaps\100_inboundvol_press.bmp
bitmaps\101_pushtotalk.bmp
bitmaps\102_headsetlistenonly.bmp
bitmaps\103_greetertext.bmp
bitmaps\104_blankbanner.bmp
bitmaps\105_HELPmessage1.bmp
bitmaps\106_HELPmessage2.bmp
bitmaps\107_setlaneconfigbanner.bmp
bitmaps\108_singlelane.bmp
bitmaps\109_singlelane_press.bmp
bitmaps\110_parallel_1OT.bmp
bitmaps\111_parallel_1OT_press.bmp
bitmaps\112_tandemlane_1OT.bmp
bitmaps\113_tandemlane_1OT_press.bmp
bitmaps\114_parallel_2OT.bmp
bitmaps\115_parallel_2OT_press.bmp
bitmaps\116_tandemlane_2OT.bmp
bitmaps\117_tandemlane_2OT_press.bmp
bitmaps\118_HELPlanes.bmp
bitmaps\119_selectgreeterbanner.bmp
bitmaps\120_greeterAtext.bmp
bitmaps\121_greeterBtext.bmp
